Archive member included because of file (symbol)

C:/RTOS-SUNRISE/libRTOS-SUNRISE.a(Board_cpp.o)
                              obj-SUNRISE/App/qsm_cpp.o (Board::GetSPI(int, int, int))
C:/RTOS-SUNRISE/libRTOS-SUNRISE.a(LED_cpp.o)
                              C:/RTOS-SUNRISE/libRTOS-SUNRISE.a(Board_cpp.o) (LED::Init())
C:/RTOS-SUNRISE/libRTOS-SUNRISE.a(BoardFlash_cpp.o)
                              obj-SUNRISE/App/InputTask_cpp.o (Board::GetFlash())
C:/RTOS-SUNRISE/libRTOS-SUNRISE.a(54455_CPU_cpp.o)
                              obj-SUNRISE/App/FRAM_cpp.o (CPU::SetupChipSelect(int, int, int, void volatile*))
C:/RTOS-SUNRISE/libRTOS-SUNRISE.a(54455_Exception_cpp.o)
                              C:/RTOS-SUNRISE/libRTOS-SUNRISE.a(Board_cpp.o) (Exception::Init())
C:/RTOS-SUNRISE/libRTOS-SUNRISE.a(54455_Terminal_cpp.o)
                              C:/RTOS-SUNRISE/libRTOS-SUNRISE.a(Board_cpp.o) (Terminal::Init())
C:/RTOS-SUNRISE/libRTOS-SUNRISE.a(54455_PIT_cpp.o)
                              C:/RTOS-SUNRISE/libRTOS-SUNRISE.a(Board_cpp.o) (PIT::PIT(int, int, int, int, void (*)(), int))
C:/RTOS-SUNRISE/libRTOS-SUNRISE.a(54455_Serial_cpp.o)
                              obj-SUNRISE/App/DUPS_ManagerTask_cpp.o (Serial::Serial(int, int))
C:/RTOS-SUNRISE/libRTOS-SUNRISE.a(54455_Cache_cpp.o)
                              C:/RTOS-SUNRISE/libRTOS-SUNRISE.a(Board_cpp.o) (Cache::Init(int, int))
C:/RTOS-SUNRISE/libRTOS-SUNRISE.a(54455_MMU_cpp.o)
                              C:/RTOS-SUNRISE/libRTOS-SUNRISE.a(54455_CPU_cpp.o) (MMU::Map(unsigned long))
C:/RTOS-SUNRISE/libRTOS-SUNRISE.a(54455_DSPI_cpp.o)
                              C:/RTOS-SUNRISE/libRTOS-SUNRISE.a(Board_cpp.o) (DSPI::DSPI(int, int, int))
C:/RTOS-SUNRISE/libRTOS-SUNRISE.a(54455_I2C_cpp.o)
                              C:/RTOS-SUNRISE/libRTOS-SUNRISE.a(Board_cpp.o) (I2C::I2C(int, int, int, int))
C:/RTOS-SUNRISE/libRTOS-SUNRISE.a(54455_CPU_asm.o)
                              C:/RTOS-SUNRISE/Start.o (CPU::Init())
C:/RTOS-SUNRISE/libRTOS-SUNRISE.a(54455_Exception_asm.o)
                              C:/RTOS-SUNRISE/Start.o (AsmExceptionHandler)
C:/RTOS-SUNRISE/libRTOS-SUNRISE.a(54455_MCF5445xRTOS_asm.o)
                              C:/RTOS-SUNRISE/libRTOS-SUNRISE.a(54455_Exception_asm.o) (RTOS::TaskSwitch())
C:/RTOS-SUNRISE/libRTOS-SUNRISE.a(MCF_ArchDefs_cpp.o)
                              obj-SUNRISE/App/DUPS_ManagerTask_cpp.o (EnterCritical())
C:/RTOS-SUNRISE/libRTOS-SUNRISE.a(MCF_MemoryInit_asm.o)
                              C:/RTOS-SUNRISE/libRTOS-SUNRISE.a(54455_CPU_asm.o) (MemoryInit)
C:/RTOS-SUNRISE/libRTOS-SUNRISE.a(MCF_ArchDefs_asm.o)
                              obj-SUNRISE/App/DIComm_cpp.o (memcpy)
C:/RTOS-SUNRISE/libRTOS-SUNRISE.a(stdlib_Assert_cpp.o)
                              obj-SUNRISE/App/InputTask_cpp.o (AssertFailed(char*, char*, int))
C:/RTOS-SUNRISE/libRTOS-SUNRISE.a(stdlib_Alloc_cpp.o)
                              obj-SUNRISE/App/InputTask_cpp.o (ShowMemory)
C:/RTOS-SUNRISE/libRTOS-SUNRISE.a(stdlib_PrintF_cpp.o)
                              obj-SUNRISE/App/InputTask_cpp.o (printf)
C:/RTOS-SUNRISE/libRTOS-SUNRISE.a(stdlib_String_cpp.o)
                              obj-SUNRISE/App/DUPS_ManagerTask_cpp.o (memset)
C:/RTOS-SUNRISE/libRTOS-SUNRISE.a(stdlib_StdLib_cpp.o)
                              obj-SUNRISE/App/InputTask_cpp.o (atoi)
C:/RTOS-SUNRISE/libRTOS-SUNRISE.a(API_CyGOS_cpp.o)
                              obj-SUNRISE/Main_cpp.o (CyGOS::Init())
C:/RTOS-SUNRISE/libRTOS-SUNRISE.a(API_TCPIP_cpp.o)
                              obj-SUNRISE/Main_cpp.o (CyGOS::CreateTcpipTasks(int&))
C:/RTOS-SUNRISE/libRTOS-SUNRISE.a(API_TFTP_cpp.o)
                              obj-SUNRISE/Main_cpp.o (CyGOS::CreateTftpClientTask(int, int&))
C:/RTOS-SUNRISE/libRTOS-SUNRISE.a(API_HTTP_cpp.o)
                              obj-SUNRISE/Main_cpp.o (CyGOS::CreateHttpServerTask(int, int, int&))
C:/RTOS-SUNRISE/libRTOS-SUNRISE.a(API_SysLog_cpp.o)
                              C:/RTOS-SUNRISE/libRTOS-SUNRISE.a(54455_Exception_cpp.o) (CyGOS::WriteSystemEvent(int, int, int, unsigned int, bool))
C:/RTOS-SUNRISE/libRTOS-SUNRISE.a(RTOS_FIFO_cpp.o)
                              obj-SUNRISE/App/DUPS_ManagerTask_cpp.o (FifoBase::FifoBase(int, int, char const*))
C:/RTOS-SUNRISE/libRTOS-SUNRISE.a(RTOS_RTOS_cpp.o)
                              C:/RTOS-SUNRISE/libRTOS-SUNRISE.a(54455_Exception_asm.o) (RTOS::taskHighest)
C:/RTOS-SUNRISE/libRTOS-SUNRISE.a(RTOS_Task_cpp.o)
                              obj-SUNRISE/App/DUPS_ManagerTask_cpp.o (TaskBase::Tick())
C:/RTOS-SUNRISE/libRTOS-SUNRISE.a(RTOS_PrintfTask_cpp.o)
                              C:/RTOS-SUNRISE/libRTOS-SUNRISE.a(RTOS_RTOS_cpp.o) (PrintfTask::PrintfTask())
C:/RTOS-SUNRISE/libRTOS-SUNRISE.a(RTOS_Debug_cpp.o)
                              C:/RTOS-SUNRISE/libRTOS-SUNRISE.a(Board_cpp.o) (Debug::Init())
C:/RTOS-SUNRISE/libRTOS-SUNRISE.a(RTOS_Mutex_cpp.o)
[...]
Memory Configuration

Name             Origin             Length             Attributes
vector_ram       0x40000000         0x00000500         xrw
vectors          0x50040000         0x00000400         xrw
config           0x50040400         0x00000100         xrw
sdram            0x50040500         0x07fbfb00         xrw
fram             0x0b000000         0x00080000         xrw
*default*        0x00000000         0xffffffff

Linker script and memory map

LOAD C:/RTOS-SUNRISE/Start.o
LOAD obj-SUNRISE/App/1MS_DATA_cpp.o
LOAD obj-SUNRISE/App/ABSOLUTE_cpp.o
LOAD obj-SUNRISE/App/COLLAPSE_cpp.o
LOAD obj-SUNRISE/App/CONT_cpp.o
LOAD obj-SUNRISE/App/DIButtonsUI_cpp.o
LOAD obj-SUNRISE/App/DIComm_cpp.o
LOAD obj-SUNRISE/App/DIComm2000Xc_cpp.o
LOAD obj-SUNRISE/App/DIPrint_cpp.o
LOAD obj-SUNRISE/App/DIProtocol_cpp.o
LOAD obj-SUNRISE/App/DIProtocolInterface_cpp.o
LOAD obj-SUNRISE/App/DITask_cpp.o
LOAD obj-SUNRISE/App/DUPS_ManagerTask_cpp.o
LOAD obj-SUNRISE/App/ENERGY_cpp.o
LOAD obj-SUNRISE/App/Events_cpp.o
LOAD obj-SUNRISE/App/FRAM_cpp.o
LOAD obj-SUNRISE/App/FlowLookupTable_cpp.o
LOAD obj-SUNRISE/App/FrontPanelKeypadTask_cpp.o
LOAD obj-SUNRISE/App/FrontPanelStateCoordinatorTask_cpp.o
LOAD obj-SUNRISE/App/GRD_DET_cpp.o
LOAD obj-SUNRISE/App/InputTask_cpp.o
LOAD obj-SUNRISE/App/InterruptHandlerTask_cpp.o
LOAD obj-SUNRISE/App/MENU3_cpp.o
LOAD obj-SUNRISE/App/MENUDBUG_cpp.o
LOAD obj-SUNRISE/App/NandFlash_cpp.o
LOAD obj-SUNRISE/App/NetworkManagerTask_cpp.o
LOAD obj-SUNRISE/App/PEAKPWR_cpp.o
LOAD obj-SUNRISE/App/PortManagerTask_cpp.o
LOAD obj-SUNRISE/App/RVTSHandlerTask_cpp.o
LOAD obj-SUNRISE/App/RemoteSerialCommandHandlerTask_cpp.o
LOAD obj-SUNRISE/App/SC_cpp.o
LOAD obj-SUNRISE/App/ShutDownTask_cpp.o
LOAD obj-SUNRISE/App/SystemManagerTask_cpp.o
LOAD obj-SUNRISE/App/TIME_cpp.o
LOAD obj-SUNRISE/App/UploadFirmWareTask_cpp.o
LOAD obj-SUNRISE/App/VPRESET1_cpp.o
LOAD obj-SUNRISE/App/VPRESET2_cpp.o
LOAD obj-SUNRISE/App/VPRESET3_cpp.o
LOAD obj-SUNRISE/App/VPRESET4_cpp.o
LOAD obj-SUNRISE/App/VPRESET5_cpp.o
LOAD obj-SUNRISE/App/WebService_cpp.o
LOAD obj-SUNRISE/App/WeldManagerTask_cpp.o
LOAD obj-SUNRISE/App/actnvram_cpp.o
LOAD obj-SUNRISE/App/alarms_cpp.o
LOAD obj-SUNRISE/App/alsetup_cpp.o
LOAD obj-SUNRISE/App/battram_cpp.o
LOAD obj-SUNRISE/App/beep_cpp.o
LOAD obj-SUNRISE/App/command_cpp.o
LOAD obj-SUNRISE/App/digout_cpp.o
LOAD obj-SUNRISE/App/dups_api_cpp.o
LOAD obj-SUNRISE/App/dups_hornscan_cpp.o
LOAD obj-SUNRISE/App/dups_intf_cpp.o
LOAD obj-SUNRISE/App/encoder_cpp.o
LOAD obj-SUNRISE/App/estop_cpp.o
LOAD obj-SUNRISE/App/fmtstrs_cpp.o
LOAD obj-SUNRISE/App/fpled_cpp.o
LOAD obj-SUNRISE/App/getmsg_cpp.o
LOAD obj-SUNRISE/App/graphs_cpp.o
LOAD obj-SUNRISE/App/inports_cpp.o
LOAD obj-SUNRISE/App/interpol_cpp.o
LOAD obj-SUNRISE/App/iotest332_cpp.o
LOAD obj-SUNRISE/App/limits_cpp.o
LOAD obj-SUNRISE/App/mansensr_cpp.o
LOAD obj-SUNRISE/App/menu_cpp.o
LOAD obj-SUNRISE/App/menu0_cpp.o
LOAD obj-SUNRISE/App/menu1_cpp.o
LOAD obj-SUNRISE/App/menu2_cpp.o
LOAD obj-SUNRISE/App/menu2a_cpp.o
LOAD obj-SUNRISE/App/menu5_cpp.o
LOAD obj-SUNRISE/App/menu6_cpp.o
LOAD obj-SUNRISE/App/menu7_cpp.o
LOAD obj-SUNRISE/App/menu7a_cpp.o
LOAD obj-SUNRISE/App/menucalb_cpp.o
LOAD obj-SUNRISE/App/menuhorn_cpp.o
LOAD obj-SUNRISE/App/menupass_cpp.o
LOAD obj-SUNRISE/App/menutest_cpp.o
LOAD obj-SUNRISE/App/outports_cpp.o
LOAD obj-SUNRISE/App/powrdwn_cpp.o
LOAD obj-SUNRISE/App/pr_label_cpp.o
LOAD obj-SUNRISE/App/pr_print_cpp.o
LOAD obj-SUNRISE/App/preset_cpp.o
LOAD obj-SUNRISE/App/prsetprn_cpp.o
LOAD obj-SUNRISE/App/psnvram_cpp.o
LOAD obj-SUNRISE/App/qsm_cpp.o
LOAD obj-SUNRISE/App/rdyweld1_cpp.o
LOAD obj-SUNRISE/App/ready_cpp.o
LOAD obj-SUNRISE/App/root_cpp.o
LOAD obj-SUNRISE/App/rtclock_cpp.o
LOAD obj-SUNRISE/App/runresults_cpp.o
LOAD obj-SUNRISE/App/rxcharrcv_cpp.o
LOAD obj-SUNRISE/App/selctkey_cpp.o
LOAD obj-SUNRISE/App/snsrcalb_cpp.o
LOAD obj-SUNRISE/App/spidd_cpp.o
LOAD obj-SUNRISE/App/statedrv_cpp.o
LOAD obj-SUNRISE/App/states_cpp.o
LOAD obj-SUNRISE/App/testing_cpp.o
LOAD obj-SUNRISE/App/timer_cpp.o
LOAD obj-SUNRISE/App/util_cpp.o
LOAD obj-SUNRISE/App/version_cpp.o
LOAD obj-SUNRISE/App/vgadiagnostics_cpp.o
LOAD obj-SUNRISE/App/vgahostcmd_cpp.o
LOAD obj-SUNRISE/App/vgamenu_cpp.o
LOAD obj-SUNRISE/App/vgarunresultoption_cpp.o
LOAD obj-SUNRISE/App/wc_isr_cpp.o
LOAD obj-SUNRISE/App/weldhold_cpp.o
LOAD obj-SUNRISE/Main_cpp.o
LOAD C:/RTOS-SUNRISE/libRTOS-SUNRISE.a
LOAD C:/RTOS-SUNRISE\libgcc.a

.textvect       0x50040000      0x400
                0x50040000                __FLASH_RAM = .
                0x50040000                __VECTOR_TABLE = .
                0x50040000                __INIT_SP = .
                0x50040000        0x4 LONG 0x50040516 _RAMstart
                0x50040004                __INIT_PC = .
                0x50040004        0x4 LONG 0x40508 (_start + __FLASH_DIFF)
 *(.textvect)
 .textvect      0x50040008      0x3f8 C:/RTOS-SUNRISE/Start.o

.config         0x50040400        0xc
                0x50040400                . = ALIGN (0x10)
                0x50040400                __SYSTEM_CLOCK = .
                0x50040400        0x4 LONG 0x7d
                0x50040404                __TERMINAL_PORT = .
                0x50040404        0x4 LONG 0x1
                0x50040408                __TERMINAL_BAUD = .
                0x50040408        0x4 LONG 0x2580

.text           0x50040500    0xa8190
                0x50040500                __TEXT_START = .
 *(.text)
 .text          0x50040500       0x50 C:/RTOS-SUNRISE/Start.o
                0x50040508                _start
                0x50040516                _RAMstart
                0x5004052e                _MultiBootStart
 .text          0x50040550     0x1020 obj-SUNRISE/App/1MS_DATA_cpp.o
                0x50040550                PlotSort(long*, STRComp*, unsigned short)
                0x50040674                RecalibVal(long*, unsigned short, unsigned long, unsigned long)
                0x500406ee                DigitalFilterFunction(long*, long)
                0x5004078c                SetupVals(WHICHGRAPH, long*)
 .text          0x50041570      0x4ae obj-SUNRISE/App/ABSOLUTE_cpp.o
                0x50041570                SelectAbsoluteWeldSequence()
 *fill*         0x50041a1e        0x2 00
 .text          0x50041a20      0x4ae obj-SUNRISE/App/COLLAPSE_cpp.o
                0x50041a20                SelectCollapseWeldSequence()
 *fill*         0x50041ece        0x2 00
 .text          0x50041ed0      0x1ea obj-SUNRISE/App/CONT_cpp.o
                0x50041ed0                SelectContWeldSequence()
 *fill*         0x500420ba        0x2 00
 .text          0x500420bc        0x0 obj-SUNRISE/App/DIButtonsUI_cpp.o
 .text          0x500420bc      0xb48 obj-SUNRISE/App/DIComm_cpp.o
                0x500420bc                DIComm::Timer()
                0x5004211e                DIComm::Loop()
                0x50042bc0                DIComm::DIComm(long)
                0x50042bc0                DIComm::DIComm(long)
                0x50042bee                DIComm::~DIComm()
                0x50042bee                DIComm::~DIComm()
 .text          0x50042c04      0x538 obj-SUNRISE/App/DIComm2000Xc_cpp.o
                0x50042c04                DIComm2000Xc::DIComm2000Xc(long)
                0x50042c04                DIComm2000Xc::DIComm2000Xc(long)
                0x50042d96                DIComm2000Xc::~DIComm2000Xc()
                0x50042d96                DIComm2000Xc::~DIComm2000Xc()
                0x50042dfc                DIComm2000Xc::DelayMs(int)
                0x50042e0e                DIComm2000Xc::SetTrigger(unsigned long)
                0x50042e20                DIComm2000Xc::GetTrigger()
                0x50042e2e                DIComm2000Xc::FormatDateTime(char*, t_date, t_time)
                0x50042e80                DIComm2000Xc::IsNetworkReady()
                0x50042f22                DIComm2000Xc::DISetAlarm()
                0x50042f2a                DIComm2000Xc::DISetEnable(unsigned long)
                0x50042f3c                DIComm2000Xc::IsChekedToSend(long, unsigned long)
                0x50042fc4                DIComm2000Xc::IsDIEnabled()
                0x50042fd2                DIComm2000Xc::OpenSocket()
                0x500430a0                DIComm2000Xc::DataInSocket()
                0x500430c6                DIComm2000Xc::ReadSocket(char*, unsigned short)
                0x500430ec                DIComm2000Xc::WriteSocket(char*, unsigned short)
                0x50043110                DIComm2000Xc::CloseSocket()
 .text          0x5004313c      0x148 obj-SUNRISE/App/DIPrint_cpp.o
                0x5004313c                PrintString(char*)
                0x5004318c                ischar(char)
                0x500431e6                PrintBufferf(char*, short)
 .text          0x50043284      0x4c8 obj-SUNRISE/App/DIProtocol_cpp.o
                0x50043284                DIProtocol::InitProtocol(char, short, char*, char*, short, short)
                0x500432e6                DIProtocol::IsBigEndian()
                0x500432f6                DIProtocol::DIProtocol()
                0x500432f6                DIProtocol::DIProtocol()
                0x5004331e                DIProtocol::~DIProtocol()
                0x5004331e                DIProtocol::~DIProtocol()
                0x50043334                DIProtocol::bufset(char*, char, short)
                0x5004336e                DIProtocol::bufcpy(char*, char*, short)
                0x500433a2                DIProtocol::bufcpyrev(char*, char*, short)
                0x500433de                DIProtocol::SetPreambleHeader(char*, DIProtocol::LOAD_TYPE, short, short)
                0x5004347c                DIProtocol::GetDataFrame(char*, short)
                0x5004359a                DIProtocol::GetConfigFrame(char*, short)
                0x5004371e                DIProtocol::GetAliveFrame(char*)
 .text          0x5004374c       0x24 obj-SUNRISE/App/DIProtocolInterface_cpp.o
                0x5004374c                DIProtocolInterface::DIProtocolInterface()
                0x5004374c                DIProtocolInterface::DIProtocolInterface()
                0x5004375e                DIProtocolInterface::~DIProtocolInterface()
                0x5004375e                DIProtocolInterface::~DIProtocolInterface()
 .text          0x50043770      0x15c obj-SUNRISE/App/DITask_cpp.o
                0x50043770                DITask::Tick()
                0x5004378a                DITask::Run()
                0x50043812                DITask::~DITask()
                0x50043812                DITask::~DITask()
                0x50043850                DITask::~DITask()
                0x50043872                DITask::DITask(long)
                0x50043872                DITask::DITask(long)
 .text          0x500438cc     0x1af8 obj-SUNRISE/App/DUPS_ManagerTask_cpp.o
                0x500438cc                DUPS_ManagerTask::~DUPS_ManagerTask()
                0x500438cc                DUPS_ManagerTask::~DUPS_ManagerTask()
                0x50043908                DUPS_ManagerTask::~DUPS_ManagerTask()
                0x5004392a                DUPS_ManagerTask::DUPS_ManagerTask()
                0x5004392a                DUPS_ManagerTask::DUPS_ManagerTask()
                0x500439bc                DUPS_MsgUploadHWId()
                0x50043b7a                DUPS_MsgUploadSWId()
                0x50043c0c                DUPS_MsgSelectParamSetNum(unsigned char)
                0x50043c68                DUPS_MsgReqParamSetNum()
                0x50043cee                DUPS_MsgUploadParamSet(unsigned char)
                0x50043ef0                DUPS_MsgDownloadParamSet(unsigned char)
                0x500440de                DUPS_MsgUploadLibraryName()
                0x50044130                DUPS_MsgDownloadLibraryName()
                0x50044174                DUPS_MsgUploadWeldStatus(DUPS_WELDSTATUS*)
                0x500442f0                DUPS_MsgUploadReleaseId()
                0x50044356                DUPS_MsgInitInterface()
                0x50044520                DUPS_FreqC2D(long)
                0x50044542                DUPS_FreqD2C(long)
                0x50044562                DUPS_PerD2C(long)
                0x50044588                DUPS_PerC2D(long)
                0x500445ae                UpdateScanDateandTime()
                0x500445fe                DUPS_MsgDownloadStartScan()
                0x50044800                InitSBL()
                0x50044846                UpdateSBL()
                0x500449da                DUPS_MsgHornScanStep(short)
                0x50044cba                DUPS_ManagerTask::Run()
                0x50044f40                VerifySBL()
                0x50044f98                DUPS_HostUploadParamSet(unsigned char)
                0x50045164                DUPS_HostDownloadParamSet(unsigned char)
                0x5004532e                UpdateDUPS_MaxWeldFreqLimit()
 .text          0x500453c4      0x8ec obj-SUNRISE/App/ENERGY_cpp.o
                0x500453c4                SelectEnergyWeldSequence()
                0x50045a4e                SelectEnergyWeldSequenceHH()
 .text          0x50045cb0      0xa80 obj-SUNRISE/App/Events_cpp.o
                0x50045cb0                PowerUpEventHistoryDataCheck()
                0x50045ce0                GetEventHistoryData(unsigned short, char*, char*, Event_Log*)
                0x50045e50                SetEventReason()
                0x50045f30                WriteEventHistory(unsigned short, char*, char*, unsigned char)
                0x50046046                ReadEventHistory(Event_Log*, unsigned long, unsigned long)
                0x50046176                RecordEvents(EventTypes, char*, char*)
                0x500461f0                RecordEvents(EventTypes, unsigned long, unsigned long)
                0x50046266                RecordParamChangeEvent(void*, void*, DATA_TYPE)
                0x50046540                AddModifyUserEventRecord(unsigned char, unsigned char)
                0x500466ec                AssemblyNumberChangeEventRecord()
                0x5004670c                ComponentVerifyChangeEventRecord()
 .text          0x50046730       0x24 obj-SUNRISE/App/FRAM_cpp.o
                0x50046730                SetupFramChipSelect()
 .text          0x50046754      0x94c obj-SUNRISE/App/FlowLookupTable_cpp.o
                0x50046754                FlowLookup(long)
                0x5004687e                UpdateFlow()
                0x5004689e                PushPopPresetValues(unsigned long)
                0x50046956                ExitDownSpeedTune()
                0x500469b8                SaveDownSpeedTune()
                0x50046a92                SetDownspeedTuneFlag()
                0x50046b5e                SpeedUp()
                0x50046c18                SpeedDown()
                0x50046cd4                UpdateFlowHD()
                0x50046cf4                SetDownspeedTuneFlagHD()
                0x50046e2c                SaveDownSpeedTuneHD()
                0x50046e94                ExitDownSpeedTuneHD()
                0x50046f24                SpeedUpHD()
                0x50046fec                SpeedDownHD()
 .text          0x500470a0      0x96e obj-SUNRISE/App/FrontPanelKeypadTask_cpp.o
                0x500470a0                FrontPanelKeypadTask::~FrontPanelKeypadTask()
                0x500470a0                FrontPanelKeypadTask::~FrontPanelKeypadTask()
                0x500470dc                FrontPanelKeypadTask::~FrontPanelKeypadTask()
                0x500470fe                FrontPanelKeypadTask::Run()
                0x5004767c                FrontPanelKeypadTask::Tick()
                0x5004787a                FrontPanelKeypadTask::FrontPanelKeypadTask()
                0x5004787a                FrontPanelKeypadTask::FrontPanelKeypadTask()
                0x500478fa                UpdateKeyMask(unsigned long)
 *fill*         0x50047a0e        0x2 00
 .text          0x50047a10      0x2a6 obj-SUNRISE/App/FrontPanelStateCoordinatorTask_cpp.o
                0x50047a10                FrontPanelStateCoordinatorTask::Tick()
                0x50047a18                FrontPanelStateCoordinatorTask::Run()
                0x50047bde                FrontPanelStateCoordinatorTask::~FrontPanelStateCoordinatorTask()
                0x50047bde                FrontPanelStateCoordinatorTask::~FrontPanelStateCoordinatorTask()
                0x50047c1a                FrontPanelStateCoordinatorTask::~FrontPanelStateCoordinatorTask()
                0x50047c3c                FrontPanelStateCoordinatorTask::FrontPanelStateCoordinatorTask()
                0x50047c3c                FrontPanelStateCoordinatorTask::FrontPanelStateCoordinatorTask()
 *fill*         0x50047cb6        0x2 00
 .text          0x50047cb8      0x87e obj-SUNRISE/App/GRD_DET_cpp.o
                0x50047cb8                SelectGroundDetectWeldSequence()
                0x50048342                SelectGroundDetectWeldSequenceHH()
 *fill*         0x50048536        0x2 00
 .text          0x50048538     0x2b02 obj-SUNRISE/App/InputTask_cpp.o
                0x50048538                AD7689A1025::Volts(int, int)
                0x5004860c                InputTask::Tick()
                0x50048614                ProgramCallback(int, int)
                0x5004864c                EraseCallback(int, int)
                0x50048670                InputTask::InputTask()
                0x50048670                InputTask::InputTask()
                0x500486ac                InputTask::PrintHelp()
                0x50048712                InputTask::ProgramBootFlash(int)
                0x50048928                InputTask::ProgramFlash(int)
                0x50048b34                AutoTest()
                0x50048e1a                InputTask::Run()
                0x5004a836                auto_add()
                0x5004a8e2                NandFlash::NandFlashTest()
                0x5004adfe                SetDefaultConfigAll()
                0x5004aeb4                SendFdataTest()
                0x5004afe0                EnterTime()
 *fill*         0x5004b03a        0x2 00
 .text          0x5004b03c      0x2ec obj-SUNRISE/App/InterruptHandlerTask_cpp.o
                0x5004b03c                Interrupt_HandlerTask::~Interrupt_HandlerTask()
                0x5004b03c                Interrupt_HandlerTask::~Interrupt_HandlerTask()
                0x5004b078                Interrupt_HandlerTask::~Interrupt_HandlerTask()
                0x5004b09a                Interrupt_HandlerTask::Interrupt_HandlerTask()
                0x5004b09a                Interrupt_HandlerTask::Interrupt_HandlerTask()
                0x5004b112                Interrupt_HandlerTask::CheckForClockLost()
                0x5004b154                Interrupt_HandlerTask::Run()
 .text          0x5004b328      0xfbe obj-SUNRISE/App/MENU3_cpp.o
                0x5004b3cc                ValidPresetCharacter(char)
                0x5004b4d0                Numout1(unsigned long, unsigned short, char, unsigned char, char*)
                0x5004b55a                GetPresetNames(unsigned short)
                0x5004b6b4                GetPresetNames()
                0x5004b822                ActivatePreset(unsigned long)
                0x5004b95a                AutoNamePreset()
                0x5004bbe4                UseSameNamePreset(unsigned long)
                0x5004bc72                IsPresetEnabled(unsigned short)
                0x5004bca0                ClearHistoryInBbram()
                0x5004bcd6                PresetClear(unsigned short)
                0x5004bd6a                CheckForDups()
                0x5004bd78                RefreshDUPSParam()
                0x5004bdb8                RecallExtPreset(unsigned short, unsigned long)
                0x5004bf54                RecallPreset(unsigned long)
                0x5004c094                RecallAndVerifyPreset(unsigned long)
                0x5004c29a                InitPresetNameBuffers()
 *fill*         0x5004c2e6        0x2 00
 .text          0x5004c2e8      0xd3a obj-SUNRISE/App/MENUDBUG_cpp.o
                0x5004c2e8                CopyToFRAM()
                0x5004c388                SavePSSerialNum()
                0x5004c39a                SaveActSerialNum()
                0x5004c404                UpdateCalibDefault()
                0x5004c48e                GetRTRamp()
                0x5004c496                SetRTrRamp()
                0x5004c49e                GetReturnRamp()
                0x5004c4a6                SetreturnRamp()
                0x5004c4ae                GetStartRamp()
                0x5004c4b6                SetstartRamp()
                0x5004c4be                VGATestCheckSum()
                0x5004c538                VGAConfigureFromBUCMenu()
                0x5004ce7a                VGADebugColdStart()
                0x5004cef6                ResetHornScanValue()
 *fill*         0x5004d022        0x2 00
 .text          0x5004d024     0x1116 obj-SUNRISE/App/NandFlash_cpp.o
                0x5004d024                NandFlash::NANDReset()
                0x5004d074                NandFlash::ReadIDONFI(unsigned char*)
                0x5004d0c6                NandFlash::IsValidAddr(NandAddress)
                0x5004d102                NandFlash::IsValidAddrSpare(NandAddress)
                0x5004d144                NandFlash::WaitForReady()
                0x5004d168                NandFlash::Wait(long)
                0x5004d192                NandFlash::ReadParamPage(ParamPage*)
                0x5004d38c                NandFlash::Identify()
                0x5004d3f2                NandFlash::BuildCycleAddr(NandAddress, unsigned char*)
                0x5004d5d0                NandFlash::ReadPage(NandAddress, unsigned char*, unsigned long, unsigned long)
                0x5004d778                NandFlash::PageProgram(NandAddress, unsigned char*, unsigned long, unsigned long)
                0x5004d92a                NandFlash::BlockErase(NandAddress)
                0x5004dabc                NandFlash::ExtractAddressSpare(unsigned long, NandAddress*)
                0x5004db0a                NandFlash::ExtractAddress(unsigned long, NandAddress*)
                0x5004db50                NandFlash::ConvToUint16(unsigned char, unsigned char)
                0x5004db64                NandFlash::ConvToUint32(unsigned char, unsigned char, unsigned char, unsigned char)
                0x5004db94                NandFlash::ReadStatus()
                0x5004dbdc                NandFlash::CheckFlashInitiallzation()
                0x5004dcc2                NandFlash::NandFlash()
                0x5004dcc2                NandFlash::NandFlash()
                0x5004dd78                NandFlash::Init()
                0x5004ddbe                NandFlash::WritePreset(void*, unsigned long, unsigned long)
                0x5004df86                NandFlash::ReadPreset(void*, unsigned long, unsigned long)
 *fill*         0x5004e13a        0x2 00
 .text          0x5004e13c      0x89c obj-SUNRISE/App/NetworkManagerTask_cpp.o
                0x5004e13c                NetworkManagerTask::Tick()
                0x5004e1c8                NetworkManagerTask::~NetworkManagerTask()
                0x5004e1c8                NetworkManagerTask::~NetworkManagerTask()
                0x5004e1de                NetworkManagerTask::~NetworkManagerTask()
                0x5004e208                CreateAndBindSocket()
                0x5004e28c                CloseSocket()
                0x5004e2b2                NonBlock()
                0x5004e2f0                Block()
                0x5004e32a                TransmitNAK(UART_CHANNEL*)
                0x5004e3d2                VgaSerialMessageQueue(UART_CHANNEL*, unsigned char*, unsigned short)
                0x5004e414                ProcessCommand(UART_CHANNEL*)
                0x5004e56c                CharReceived(UART_CHANNEL*, unsigned char)
                0x5004e7be                NetworkManagerTask::Run()
                0x5004e93a                NetworkManagerTask::NetworkManagerTask(long)
                0x5004e93a                NetworkManagerTask::NetworkManagerTask(long)
 .text          0x5004e9d8      0x87e obj-SUNRISE/App/PEAKPWR_cpp.o
                0x5004e9d8                SelectPeakPowerWeldSequence()
                0x5004f062                SelectPeakPowerWeldSequenceHH()
 *fill*         0x5004f256        0x2 00
 .text          0x5004f258      0x2ce obj-SUNRISE/App/PortManagerTask_cpp.o
                0x5004f258                PortManagerTask::Tick()
                0x5004f2e4                PortManagerTask::Run()
                0x5004f384                PortManagerTask::~PortManagerTask()
                0x5004f384                PortManagerTask::~PortManagerTask()
                0x5004f39a                PortManagerTask::~PortManagerTask()
                0x5004f3c4                SerialSend(UART_CHANNEL*, unsigned char*, unsigned short)
                0x5004f4aa                PortManagerTask::PortManagerTask()
                0x5004f4aa                PortManagerTask::PortManagerTask()
 *fill*         0x5004f526        0x2 00
 .text          0x5004f528      0x53c obj-SUNRISE/App/RVTSHandlerTask_cpp.o
                0x5004f528                RVTSHandlerTask::Run()
                0x5004f970                RVTSHandlerTask::~RVTSHandlerTask()
                0x5004f970                RVTSHandlerTask::~RVTSHandlerTask()
                0x5004f9ac                RVTSHandlerTask::~RVTSHandlerTask()
                0x5004f9ce                RVTSHandlerTask::RVTSHandlerTask()
                0x5004f9ce                RVTSHandlerTask::RVTSHandlerTask()
 .text          0x5004fa64      0x24a obj-SUNRISE/App/RemoteSerialCommandHandlerTask_cpp.o
                0x5004fa64                RemoteSerialCommandHandlerTask::Tick()
                0x5004fa6c                RemoteSerialCommandHandlerTask::Run()
                0x5004fbd4                RemoteSerialCommandHandlerTask::~RemoteSerialCommandHandlerTask()
                0x5004fbd4                RemoteSerialCommandHandlerTask::~RemoteSerialCommandHandlerTask()
                0x5004fc10                RemoteSerialCommandHandlerTask::~RemoteSerialCommandHandlerTask()
                0x5004fc32                RemoteSerialCommandHandlerTask::RemoteSerialCommandHandlerTask()
                0x5004fc32                RemoteSerialCommandHandlerTask::RemoteSerialCommandHandlerTask()
 *fill*         0x5004fcae        0x2 00
 .text          0x5004fcb0      0x9ac obj-SUNRISE/App/SC_cpp.o
                0x5004fcb0                StartCalPB()
                0x5004fcde                TestCalPB()
                0x5004fd2a                WaitForSpringRate()
                0x5004fdb0                UpdateMessage()
                0x50050038                SCFinalCleanup()
                0x500500c0                SelectSCSequence()
                0x50050248                SCInitialize()
                0x500503be                SelectManualSCSequence()
                0x50050532                ManualSCInitialize()
 .text          0x5005065c       0xd8 obj-SUNRISE/App/ShutDownTask_cpp.o
                0x5005065c                ShutDownTask::Run()
                0x500506c8                ShutDownTask::ShutDownTask()
                0x500506c8                ShutDownTask::ShutDownTask()
                0x500506fc                ShutDownTask::ShutDown()
                0x50050708                CheckForPowerSensor()
 .text          0x50050734      0xc56 obj-SUNRISE/App/SystemManagerTask_cpp.o
                0x50050734                SystemManagerTask::~SystemManagerTask()
                0x50050734                SystemManagerTask::~SystemManagerTask()
                0x50050770                SystemManagerTask::~SystemManagerTask()
                0x50050792                SystemManagerTask::SystemManagerTask()
                0x50050792                SystemManagerTask::SystemManagerTask()
                0x5005080e                BackupCurrentSetupChange()
                0x50050856                SystemManagerTask::Run()
                0x50051360                CheckHistoryPtrBound()
 *fill*         0x5005138a        0x2 00
 .text          0x5005138c      0x9b8 obj-SUNRISE/App/TIME_cpp.o
                0x5005138c                SelectTimeWeldSequence()
                0x50051a6e                SelectTimeWeldSequenceHH()
 .text          0x50051d44      0x6b0 obj-SUNRISE/App/UploadFirmWareTask_cpp.o
                0x50051d44                UploadFirmware::FirmWareFileGetHandler(char*, HTTPReplyHeader&)
                0x50051e04                UploadFirmware::FirmWareFilePostHandler(char*, char*, HTTPReplyHeader&)
                0x50051e5e                UploadFirmware::UploadFirmware()
                0x50051e5e                UploadFirmware::UploadFirmware()
                0x50051f12                UploadFirmware::ProgramFlash(char*, long, FlashArea)
                0x50052064                UploadFirmware::Run()
                0x5005212a                UploadFirmware::ProgramFirmware(FileType, char*, long, FlashArea, char*)
                0x500521f2                UploadFirmware::FirmWareFileUploadHandler(char*, int, char*, char*)
 .text          0x500523f4     0x1184 obj-SUNRISE/App/VPRESET1_cpp.o
                0x500523f4                VerifyPresetModel1()
                0x500523fe                CheckForDistanceParameters()
                0x500524ac                CheckForStepping()
                0x50052520                SendSetupData()
                0x5005269e                GetCurrentHwCnfg()
                0x50052bc2                CheckForMultipleInput()
                0x50052cc6                IsConfigured(unsigned short)
                0x50052d22                IsOutConfigured(unsigned short)
                0x50052d60                CheckUserIOAlarm()
                0x50052f92                VerifyPreset()
 .text          0x50053578      0xb68 obj-SUNRISE/App/VPRESET2_cpp.o
                0x50053578                VerifyPresetModel2()
 .text          0x500540e0      0x47c obj-SUNRISE/App/VPRESET3_cpp.o
                0x500540e0                VerifyPresetModel3()
 .text          0x5005455c     0x28f0 obj-SUNRISE/App/VPRESET4_cpp.o
                0x5005455c                CheckForValidDistances(long)
                0x500549be                CheckForValidForces(unsigned long)
                0x50054b2e                VerifyPresetModel4()
 .text          0x50056e4c      0xaea obj-SUNRISE/App/VPRESET5_cpp.o
                0x50056e4c                VerifyPressureStepping()
                0x50057362                VerifyPresetModel5()
 *fill*         0x50057936        0x2 00
 .text          0x50057938     0x668e obj-SUNRISE/App/WebService_cpp.o
                0x50057938                WebService::Tick(int)
                0x5005798c                WebService::GetAlarmCount(char*)
                0x500579de                WebService::GetAlarmLogData(char*)
                0x50057db8                WebService::JSONGetHandler(ip_addr)
                0x50057e04                WebService::GetWeldResult(char*)
                0x500582ae                WebService::SystemLogout(char*)
                0x50058346                InitJsonObjsKeys()
                0x50058590                WebService::InitWebService(long, long)
                0x50058664                WebService::CheckServiceData(Service)
                0x5005899e                WebService::JSONHandler(char*, HTTPReplyHeader&, char*, ip_addr, int)
                0x50058cd2                WebService::CheckReasonRequired(Service, PARAM)
                0x50058d60                WebService::CheckParmeterID(Service, PARAM)
                0x50058ebc                WebService::SessionLogOut()
                0x50058ede                WebService::GetAlarmFromOffset(long, unsigned long)
                0x50058f54                WebService::SetDisableFlagStatus(unsigned short*, PARAM)
                0x500591f4                WebService::SendMinMaxValue(long, unsigned short, long, long)
                0x500593ee                WebService::SetParamValue(unsigned short, unsigned long)
                0x500595b8                CheckTimeValue(char const*)
                0x50059684                CheckDateValue(char const*)
                0x50059836                CheckForLeapYear(long)
                0x5005988a                stringsplit(char const*, FORMAT, unsigned long, long*)
                0x50059c7a                SkipSpace(char*&)
                0x50059ca6                WebService::GetValAndIncrementBuffer(char**, long, char*)
                0x50059d0a                CreateTcpSocket()
                0x50059e26                SendTCPRequest(long, long, long)
                0x5005a09a                Check_Password(char*)
                0x5005a14e                WebService::AddOrModifyUser(char*, unsigned char)
                0x5005a9b8                WebService::VerifyUsernamePassword()
                0x5005ab8e                WebService::SystemLogin(char*)
                0x5005aea4                WebService::CheckOperatorAuthority(OpAuth)
                0x5005aee0                WebService::CheckRequiredConditions(Service)
                0x5005afdc                WebService::GetPSVersionNum(char*)
                0x5005b0c6                WebService::ClearPreset(char*)
                0x5005b206                WebService::UpdateUser(char*)
                0x5005b252                WebService::SetUser(char*)
                0x5005b29e                WebService::GetUsers(char*)
                0x5005b67e                WebService::GetUserCount(char*)
                0x5005b6da                WebService::SavePreset(char*)
                0x5005ba10                WebService::JsonVerifyPreset(char*)
                0x5005bb4a                WebService::JsonRecallPreset(char*)
                0x5005bd16                WebService::GetSystemConfigorPresetValue(char*, Service)
                0x5005c198                WebService::GetSystemConfigValue(char*)
                0x5005c1ac                WebService::GetPresetValue(char*)
                0x5005c1c0                WebService::SetSystemConfigValue(char*)
                0x5005cb9c                WebService::SetPresetValue(char*)
                0x5005d34a                WebService::GetWeldHistory(char*)
                0x5005dab4                WebService::GetNumWeldData(char*)
                0x5005db72                WebService::GetEventHistory(char*)
                0x5005df08                WebService::GetNumEvents(char*)
 *fill*         0x5005dfc6        0x2 00
 .text          0x5005dfc8     0x2ad8 obj-SUNRISE/App/WeldManagerTask_cpp.o
                0x5005dfc8                WeldManagerTask::~WeldManagerTask()
                0x5005dfc8                WeldManagerTask::~WeldManagerTask()
                0x5005e004                WeldManagerTask::~WeldManagerTask()
                0x5005e026                WeldManagerTask::WeldManagerTask()
                0x5005e026                WeldManagerTask::WeldManagerTask()
                0x5005e0a2                FormatRunScreenTopLine()
                0x5005e36a                UpdateRPreset()
                0x5005e410                ClearWeldingResultsAlarms()
                0x5005e44e                ClearFinalResultsAlarms()
                0x5005e48c                CheckVerifyPresetRequired()
                0x5005e6ae                CheckPresetValidation()
                0x5005e7f6                FormatDataLine(char*, WELD_DATA*, unsigned short)
                0x5005edca                SendSerialPort(unsigned short)
                0x5005ef26                WeldManagerTask::Run()
 .text          0x50060aa0     0x1846 obj-SUNRISE/App/actnvram_cpp.o
                0x50060aa0                GetActId()
                0x50060b18                GetActLifeTime()
                0x50060b26                GetDefStrokeLength()
                0x50060b34                GetStrokeLength()
                0x50060b42                GetDefCylSize()
                0x50060b50                GetCylSize()
                0x50060b5e                GetEncoderType()
                0x50060b6c                NVRWriteEWEN()
                0x50060b86                NVRCommandEWDS()
                0x50060ba6                NVRWriteSetup()
                0x50060bb6                NVRWriteNovram(unsigned short, unsigned short)
                0x50060be4                ReadNVR(unsigned short)
                0x50060bfe                NVRWriteVerify(unsigned short, unsigned short)
                0x50060c80                SetForceNVR()
                0x50060cca                SetDefForce()
                0x50060d7a                UpdateDefForce()
                0x50060dc8                SetLoadCell()
                0x50060e00                SetSerNum(char*)
                0x50060e46                SetDefSerNum(unsigned char*)
                0x50060e86                UpdateDefCalHomeOffset()
                0x50060eb4                UpdateDefCalSysPressure()
                0x50060ee2                UpdateDefCalStrokeLength()
                0x50060f26                SetPSVersionNVR()
                0x50060f4e                SetCalSysPressure()
                0x50060f6e                SetCalStrokeLength()
                0x50060fac                SetDefCalSysPressure(short)
                0x50060fd8                SetDefCalStrokeLength(unsigned long)
                0x50061014                SetCylSize(unsigned short)
                0x50061040                SetDefCylSize(unsigned short)
                0x5006106c                SetStrokeLength(unsigned short)
                0x50061098                SetDefStrokeLength(unsigned short)
                0x500610c4                SetActId(unsigned short)
                0x50061126                SetPressure()
                0x5006115e                SetDefPressure()
                0x500611a0                SetDefLoadCell()
                0x5006122c                GetDefPressure()
                0x50061248                GetDefLoadCell()
                0x50061264                GetDefForce()
                0x50061280                GetDefCalStrokeLen()
                0x50061294                GetDefHomeOffset()
                0x500612a8                UpdateDefPressure()
                0x500612ec                UpdateDefLoadCell()
                0x50061330                GetMaxForce()
                0x50061420                CheckNvrValid()
                0x5006168a                CheckForActChange()
                0x50061b18                InitSetupFromAct()
                0x50061b5c                ActRecover()
                0x50061bd2                ActNovramExists()
                0x50061c58                TestWriteToNvram()
                0x50061c88                TestReadFromNvram()
                0x50061cc6                NvrCopyDeftoNon()
                0x50061d06                SetCalibPass(unsigned short)
                0x50061d32                GetCalibPass()
                0x50061d40                SetCalibrationDate(unsigned short*)
                0x50061d7e                SetDefCalibDate(unsigned short*)
                0x50061dbc                UpdateCylinderFactor()
                0x50061f2c                GetDefSpringRateSlope()
                0x50061f40                GetDefCalSysPressure()
                0x50061f54                SetDefSpringRateSlope(unsigned short)
                0x50061f80                SetCalSpringRateSlope(unsigned short)
                0x50061fac                SetDefCalHomeOffset()
                0x50061fcc                SetCalHomeOffset()
                0x50061fec                SetForceGauge(unsigned short)
                0x50062018                ActPowerUp()
                0x5006228c                UpdateDefSpringRateSlope()
                0x500622ba                SetEncoderType(ENCODER)
 *fill*         0x500622e6        0x2 00
 .text          0x500622e8      0xa5c obj-SUNRISE/App/alarms_cpp.o
                0x500622e8                ByteCRC(unsigned char*, unsigned long)
                0x5006232c                PowerUpAlarmLogDataCheck()
                0x5006235c                GetAlarmID(unsigned long, unsigned long)
                0x50062400                GetAlarmLogData(unsigned long, bool)
                0x5006257c                WriteAlarmLog(unsigned long, bool)
                0x500625da                ReadAlarmLog(AlarmLog*, unsigned long)
                0x50062708                IfAlarmEnabled(unsigned long, unsigned long)
                0x5006271e                CountNoCycleAlarms()
                0x50062768                CountOverloadAlarms()
                0x500627b2                CountEquipmentFailureAlarms()
                0x500627fc                CountCycleModifiedAlarms()
                0x50062846                CountWarnings()
                0x50062890                CountCalibrateAlarms()
                0x5006289e                CountSuspectResults()
                0x500628e8                CountRejectResults()
                0x50062938                CountAlarms()
                0x50062b44                CheckForAlarms()
                0x50062ba8                CheckForWarnings()
                0x50062bc0                GetAlarmMask()
 .text          0x50062d44      0x8ce obj-SUNRISE/App/alsetup_cpp.o
                0x50062d44                CheckForSetupAlarms()
                0x50062e1e                ClearSetupAlarms()
                0x50062f10                SendAlarmBits(unsigned char*)
                0x500633c2                CountSetupAlarms()
                0x500635f2                GetSetupAlarmCount()
 *fill*         0x50063612        0x2 00
 .text          0x50063614      0xbba obj-SUNRISE/App/battram_cpp.o
                0x50063614                FramAccess(FRAM_ACCESS_TYPE, FRAM_SECTION_TYPE, unsigned char*, unsigned long, unsigned short)
                0x500636ea                ClearOutFram()
                0x500637ec                FixFram()
                0x50063ebc                CheckFramDefaults()
 *fill*         0x500641ce        0x2 00
 .text          0x500641d0      0x22e obj-SUNRISE/App/beep_cpp.o
                0x500641d0                Beep(BEEPS)
                0x5006433c                TurnOffBeeper()
                0x500643d8                CheckBeeper()
 *fill*         0x500643fe        0x2 00
 .text          0x50064400     0x7dc0 obj-SUNRISE/App/command_cpp.o
                0x50064400                CheckforDisplayLock()
                0x50064438                SendSelectedPreset()
                0x5006444c                ClearUserIdOnClamp()
                0x5006445c                ClearPasswordOnClamp()
                0x5006446c                ClearReasonString()
                0x5006447c                GetCurrentHWVerify()
                0x50064490                GetDownSpeed()
                0x500644a4                SendLowerFlowValve()
                0x500644da                CheckForLogInButtonDisplay()
                0x50064510                SetHoldPressure()
                0x5006452c                UpdatePressureOnHornDownEntry()
                0x5006455a                GetDate()
                0x500645ae                GetTime()
                0x500645d0                UpdateFlowOnHornDownEntry()
                0x50064630                EnableStartSensorCal()
                0x50064678                SetUDIflag()
                0x500646cc                HDSavePreset()
                0x500648fc                SendCurrentUserId()
                0x5006491e                SetAutomationUserId()
                0x50064984                SetAuthorityForFirmware()
                0x50064a4a                SetEventReasonFlag()
                0x50064a56                SetClampAlarmMenuValue()
                0x50064b4e                ProcessWindowSetup()
                0x50064bae                EstopResetLogin()
                0x50064c9e                GetPSMacAddress()
                0x50064ce8                GetPSIpAddress()
                0x50064d0e                DateSet()
                0x50064e9e                TimeSet()
                0x50064f92                SendConditionVariable(unsigned char*)
                0x500652e8                SetupValid()
                0x500654d4                SendMinMaxData(unsigned char*, unsigned short)
                0x50065752                SendArrayData(unsigned char**, unsigned short)
                0x50065b88                XMLDataProcess(unsigned char*, unsigned short, unsigned short)
                0x50065f5c                SetArrayData(unsigned char**, unsigned char*, unsigned char*)
                0x500660c8                XMLDataResponse(unsigned short, unsigned char*, unsigned char*, unsigned short)
                0x5006663a                SendBargraphData(unsigned char**, long*)
                0x500666be                ScanInfoStatus(unsigned char**)
                0x500668ac                SendBottomHalfData(unsigned char*, unsigned short)
                0x50066f94                SetDefaultUserData()
                0x5006700c                CreateACK(unsigned char*, unsigned short, unsigned char*, unsigned short)
                0x50067124                CreateSameBufferACK(unsigned char*, unsigned short, unsigned short)
                0x500671ba                XmitNack(IPS_ACTION_ID_TYPE, PARAM, unsigned long, unsigned long, unsigned long, unsigned char*)
                0x500673c6                ComputeAuthorization()
                0x500673e6                ConvertWeldData(WELD_DATA*, unsigned char*)
                0x50067672                CheckForParameterError(unsigned short)
                0x500676b2                CreateGraphHeader(unsigned short, unsigned char*)
                0x50067824                SetBucMenuToFactoryDefault()
                0x500678ac                ColdStartPlus()
                0x50067924                VerifyLengthAndCode(short, unsigned short)
                0x50067d5e                Check_ExistingUserDetails(unsigned char, long)
                0x50067e12                CheckOperatorAuthority(OpAuth)
                0x50067e4e                ChangePassword()
                0x50067f12                julian(int, int, int)
                0x50067fd6                PasswordExpDays(RTCTime*)
                0x50068032                VerifyUsernamePassword()
                0x50068242                CreateDefaultExecutive()
                0x500682f6                GetPresetNames_USB(unsigned char*, unsigned short)
                0x500683cc                ProcessVGAHostCommand(unsigned long, unsigned short, unsigned char*, unsigned short)
                0x50069fa4                ProcessHostCommand(unsigned long, unsigned short, unsigned char*, unsigned short, unsigned char*, SOURCE_TASK_ID_TYPE)
 .text          0x5006c1c0      0x7da obj-SUNRISE/App/digout_cpp.o
                0x5006c1c0                LockPowerOn()
                0x5006c1d8                PowerDownSystem()
                0x5006c1ee                SetGeneralAlarm()
                0x5006c20c                CheckGeneralAlarmFlag()
                0x5006c21a                SetReady()
                0x5006c238                ClearReady()
                0x5006c256                GetReadyStatus()
                0x5006c264                ClearSAS()
                0x5006c27c                SetSAS()
                0x5006c29e                EnableSVOn()
                0x5006c2b6                SVOn()
                0x5006c2ce                RapidTraverseOn()
                0x5006c2e6                RapidTraverseOff()
                0x5006c2fc                CoolValOn()
                0x5006c314                SVOff()
                0x5006c344                CoolValOff()
                0x5006c35a                PSIdle()
                0x5006c3b8                PSReset()
                0x5006c416                EStopReset()
                0x5006c454                MemoryReset()
                0x5006c4ac                HSReset()
                0x5006c50c                PSRun()
                0x5006c56e                PSTest()
                0x5006c5d4                PSSeek()
                0x5006c638                RejectOff()
                0x5006c650                RejectOn()
                0x5006c666                SuspectOff()
                0x5006c67e                SuspectOn()
                0x5006c694                PBReleaseOff()
                0x5006c6ac                PBReleaseOn()
                0x5006c6c2                ActClrOff()
                0x5006c6ee                TrigSwActv()
                0x5006c706                TrigSwInactv()
                0x5006c71c                TrsEnabled()
                0x5006c734                TrsDisabled()
                0x5006c74a                UserCfgOutputOff(unsigned short)
                0x5006c7c2                ClearGeneralAlarm()
                0x5006c812                UserCfgOutputOn(unsigned short)
                0x5006c890                RefreshOutputStatus(unsigned short)
                0x5006c8e8                ConfirmPresetOn()
                0x5006c914                ConfirmPresetOff()
                0x5006c926                PartClampOutOn()
                0x5006c944                PartClampOutOff()
                0x5006c956                ActClrOn()
 *fill*         0x5006c99a        0x2 00
 .text          0x5006c99c      0x882 obj-SUNRISE/App/dups_api_cpp.o
                0x5006c99c                DUPS_SelectParamSetNum(long)
                0x5006ca64                DUPS_Wait4CurrPS()
                0x5006ca96                DUPS_UploadParamSet(unsigned short)
                0x5006cb60                DUPS_HornScanAbort()
                0x5006cc1e                DUPS_ModifySWDipSetting()
                0x5006cc80                DUPS_StartHS()
                0x5006cdca                DUPS_GetLastWeldStatus(DUPS_WELDSTATUS*)
                0x5006ce94                DUPS_ChkParamLimit()
                0x5006d07a                DUPS_DownloadParamSet(unsigned short)
                0x5006d188                DUPS_DownloadCurrPS()
                0x5006d1a4                DUPS_QueuedDownloadPS()
                0x5006d1da                DUPS_FRAM2RAM()
                0x5006d1fc                DUPS_RAM2FRAM()
 *fill*         0x5006d21e        0x2 00
 .text          0x5006d220      0xd7c obj-SUNRISE/App/dups_hornscan_cpp.o
                0x5006d220                HS_FirFilt(short*, unsigned short)
                0x5006d296                HS_CrossingExists(short*, short)
                0x5006d2ea                HS_X4YZero(unsigned short*, short*, unsigned short)
                0x5006d602                HS_4Clusters()
                0x5006d7b0                HS_Resonance()
                0x5006d916                DUPS_MsgUploadScanPt()
                0x5006de06                HS_FindPhaseIndex(short*, unsigned short, unsigned short, unsigned short*)
                0x5006de78                HS_Decimate(short*, short*, short*, unsigned short, short*, short*, short*)
 .text          0x5006df9c      0x340 obj-SUNRISE/App/dups_intf_cpp.o
                0x5006df9c                DUPS_WriteP(unsigned char*, short*)
                0x5006e080                checktime(short*)
                0x5006e0b4                getbyte(unsigned char*, short*)
                0x5006e0fe                DUPS_ReadP(unsigned char*, short*)
                0x5006e288                DUPS_DataXfer()
 .text          0x5006e2dc      0x100 obj-SUNRISE/App/encoder_cpp.o
                0x5006e2dc                ReadEncoder()
                0x5006e32c                ZeroEncoder()
                0x5006e346                GetCycleDist()
                0x5006e350                VelocityEstimator(unsigned long)
 .text          0x5006e3dc      0x372 obj-SUNRISE/App/estop_cpp.o
                0x5006e3dc                ProcessEstop()
 *fill*         0x5006e74e        0x2 00
 .text          0x5006e750      0x314 obj-SUNRISE/App/fmtstrs_cpp.o
                0x5006e750                FormatStr1(char*, char, char, long, char)
                0x5006e7cc                FormatStr2(char*, char, char, char, long, char, char, long)
                0x5006e8a2                FormatTimeStr1(char*, char, unsigned char, long, char, unsigned char, long)
                0x5006e944                FormatDateStr1(char*, char, unsigned char, long, char, unsigned char, long, char, unsigned char, long)
 .text          0x5006ea64      0x512 obj-SUNRISE/App/fpled_cpp.o
                0x5006ea64                InitBarGraph()
                0x5006ea74                UpdateLED(LEDS, unsigned char)
                0x5006eb20                GetLedStatus(LEDS)
                0x5006eb48                GetLedStatus()
                0x5006ebec                WriteBarGraph()
                0x5006ed1e                UpdateBarGraph(short)
                0x5006eda6                SetBanks(unsigned short)
                0x5006ee8c                SetSegs(unsigned short)
 *fill*         0x5006ef76        0x2 00
 .text          0x5006ef78      0xb0c obj-SUNRISE/App/getmsg_cpp.o
                0x5006efe2                RcvMsg(unsigned short)
                0x5006f13e                KeyAvailable(unsigned short)
                0x5006f210                SendMsg(unsigned long)
                0x5006f3c6                Get_GetMsgFlag()
                0x5006f3d4                ProcessControlMessage(unsigned char)
                0x5006f428                ConvertOldToNew(KEY_CODE_TYPE, unsigned char)
                0x5006f6d2                SendFakeKeyPress(KEY_CODE_TYPE)
                0x5006f6ee                ConvertNewToOld(unsigned long, unsigned char*)
                0x5006f850                WaitMessage(unsigned long)
                0x5006f9e4                GetMsg(unsigned short)
                0x5006fa02                ClearKeypadBuffer(unsigned short)
                0x5006fa7c                PrintMessageLog()
 .text          0x5006fa84     0x1796 obj-SUNRISE/App/graphs_cpp.o
                0x5006fa84                GetLastWeldResultPtr()
                0x5006faae                SendGraphData(unsigned char**, unsigned short)
                0x500702da                DrawHSGraph(unsigned char**, unsigned short)
                0x500709e4                ProcessWeldGraphValue(unsigned char, unsigned char)
                0x50070b84                AddToPMCData()
                0x50070d7e                SendPMCValue(unsigned char*)
                0x50070ea4                CheckPMCWithPwrGraph()
 *fill*         0x5007121a        0x2 00
 .text          0x5007121c      0xd40 obj-SUNRISE/App/inports_cpp.o
                0x5007121c                MonitorInputPorts()
                0x500713f4                InitMonitorInputPorts()
                0x5007144c                MemStoreIntHandler(int, void*)
                0x5007148c                ProcessMemoryReset()
                0x500716ca                GetInputData(portdata*)
 .text          0x50071f5c       0xd2 obj-SUNRISE/App/interpol_cpp.o
                0x50071f5c                GetInterpolatedSINT16(short*, unsigned short)
                0x50071fac                GetInterpolatedUINT16(unsigned short*, unsigned short)
                0x50071ffc                GetInterpolatedUINT32(unsigned long*, unsigned short)
 *fill*         0x5007202e        0x2 00
 .text          0x50072030     0x32b2 obj-SUNRISE/App/iotest332_cpp.o
                0x50072030                Read32()
                0x50072056                Read16()
                0x5007207e                ShutOffFT()
                0x5007208c                SetDACChannel()
                0x500720d6                EraseNVR()
                0x50072146                START()
                0x50072152                StartDUPS()
                0x50072242                SetSBCReadyFlag()
                0x50072256                EnableBeepers()
                0x5007229a                DisableBeepers()
                0x500722de                RestoreUserIO()
                0x500722ea                DiagAmplitude()
                0x50072302                DiagFreqOffset()
                0x5007231a                TurnOnBeep()
                0x5007232e                Read8()
                0x50072356                CRC(unsigned char*, unsigned long)
                0x5007239a                TurnOffBeep()
                0x500723ac                EraseVFScreen()
                0x500723b4                ReadTPU()
                0x500723bc                WriteTPU()
                0x500723c4                Numin(unsigned short, char*)
                0x50072466                SerialMessageQueue
                0x5007249c                WriteToActNovramAddress()
                0x50072674                SetAESPressureValue()
                0x5007272c                SetAESFlowValue()
                0x500727da                ReadActNovramAddress()
                0x50072906                GetActPressurAndForce()
                0x500729e4                GetMacAddress()
                0x50072a98                GetRTCData()
                0x50072b4c                GetLinearEncoder()
                0x50072bdc                DisplayHelp()
                0x50072cf4                CheckDUPS()
                0x50072e3c                CheckIOTest()
                0x50072e6c                SetSpringRateMicro()
                0x50072ea8                WriteMemory()
                0x50072fd2                ReadMemory()
                0x500730f6                DumpCalibrationData()
                0x50073414                DumpAllCalibrationData()
                0x50073f8e                SetDate()
                0x50074116                SetTime()
                0x50074242                DiagReady()
                0x50074284                WriteLeds()
                0x500743b2                DiagDigTune()
                0x500743f2                ReadKeypad()
                0x50074446                ReadPortC()
                0x500744a0                ReadPortB()
                0x500744fa                ReadPortA()
                0x50074552                WritePortC()
                0x500745fa                WritePortB()
                0x500746aa                WritePortA()
                0x50074780                WriteBargraph()
                0x500747bc                WritePrinterControl()
                0x5007485c                WritePrinterData()
                0x50074894                TestFram()
                0x5007492e                MyReadNVR()
                0x50074aee                DoFlashCRC()
                0x50074b88                DoFRAMCRC()
                0x50074c92                DoActNovramCRC()
                0x50074d0e                DoPSNovramCRC()
                0x50074d8a                DiagnosticsCmd()
                0x50075112                DiagnosticInput(unsigned char, unsigned long)
 *fill*         0x500752e2        0x2 00
 .text          0x500752e4     0x1300 obj-SUNRISE/App/limits_cpp.o
                0x500752e4                CheckProcessLimits()
                0x50075888                IsRejectLimitsEnabled()
                0x500758c2                SetupLimitChanged()
                0x50075e38                SetSetupLimits(SetupMinMax*)
                0x50075eb0                PreSetupLimitMinMax(unsigned short)
 .text          0x500765e4      0x5c6 obj-SUNRISE/App/mansensr_cpp.o
                0x500765e4                SetCurrentAmp(long)
                0x5007660a                SetCurrentFreqOffset(long)
                0x500766f2                SetPV(unsigned short, STAGE)
                0x500766fa                InitializePV()
                0x50076702                UpdateFlowValue()
                0x500767e6                UpdatePressureValue()
                0x5007680a                UpdateFlowValueHornDown()
                0x500768ca                UpdatePressureHornDown()
                0x500768e6                SendPressureValToAES()
                0x50076998                SendFlowValToAES()
                0x500769e8                ManageSensors()
 *fill*         0x50076baa        0x2 00
 .text          0x50076bac     0x110a obj-SUNRISE/App/menu_cpp.o
                0x50076bac                DistanceULS()
                0x50076bbc                DistanceSS()
                0x50076bcc                VelocityOn()
                0x50076bfa                VelocityOff()
                0x50076c32                CreateSecretCodes()
                0x50076dca                BUCMenu()
                0x50076de8                DupsControl()
                0x50076df8                EnableTF()
                0x50076e08                DisableCode300()
                0x50076e36                EnableCode300()
                0x50076e64                EnableStringDebug()
                0x50076e6c                DisableStringDebug()
                0x50076e74                EnableDiagnostics()
                0x50076e84                EnableTestingMenu()
                0x50076e9a                EnableSpecialsMenu()
                0x50076eb0                DebugMenu()
                0x50076ed4                RestoreDefaults()
                0x50076ee4                FastActADComm()
                0x50076f0c                SlowActADComm()
                0x50076f34                SlowerActADComm()
                0x50076f5c                EnablePLCTiming()
                0x50076f72                EnableUSEncoder()
                0x50076f88                EnableMetricEncoder()
                0x50076f9c                ConfigLoadcell()
                0x50076fa4                LowerPressureValveOn()
                0x50076fba                LowerPressureValveOff()
                0x50076fce                ConfigMaxMinValues()
                0x50076fda                SetContLeveltest()
                0x50077002                SetContLeveldepot()
                0x50077034                SetContLevelf()
                0x5007705c                SetContLeveld()
                0x50077084                SetContLevelea()
                0x500770ac                SetContLevelt()
                0x500770d4                SaveCalibration()
                0x500770e0                SetSpringRate4()
                0x5007711a                SetSpringRate3()
                0x50077154                ConfigSBeam()
                0x50077168                Config50mmMICRO()
                0x5007719e                ConfigOriginal_MICRO()
                0x500771d4                ConfigMICROSbeam()
                0x5007720a                ConfigAEFSbeam()
                0x5007723e                ConfigAESSbeam()
                0x50077272                ConfigAEDSbeam()
                0x500772a6                SelectNewBoard()
                0x500772d0                SelectOldBoard()
                0x500772fc                SetTableToDefault()
                0x5007732a                EnableHSCandSBL()
                0x5007734c                DisableHSCandSBL()
                0x5007736e                SetSpringRateMicroFT(unsigned char)
                0x5007739c                SendKeyToWeldMngr(MSG_OPCODE_TYPE, unsigned long)
                0x50077508                DisplayResetMsg()
                0x50077558                UpdateHWConfiguration(MASK1, unsigned long)
                0x5007757c                UpdateSWConfiguration(MASK2, unsigned long)
                0x500775a0                IsHWConfigured(unsigned short)
                0x500775da                IsSWConfigured(unsigned long)
                0x50077720                InsertProperUnits(char*, FORMAT)
                0x500777c4                DisplayMenu(menu0*)
                0x50077976                FormatNums(long, FORMAT, char*, unsigned char, unsigned long)
                0x50077aa0                ConvertInternalExternal(long, FORMAT, unsigned long)
                0x50077b1e                FormatVariables(long, FORMAT, char*, unsigned char, unsigned long)
                0x50077bd4                ConvertExternalInternal(long, FORMAT, unsigned long)
                0x50077c52                ShowEstopMessageOn()
                0x50077c66                ShowEstopMessageOff()
                0x50077c6e                GetCurrentMenu()
                0x50077c7c                VFAlarmOn()
                0x50077c92                VFAlarmOff()
                0x50077ca6                AlarmOn()
                0x50077cae                AlarmOff()
 *fill*         0x50077cb6        0x2 00
 .text          0x50077cb8      0x13a obj-SUNRISE/App/menu0_cpp.o
                0x50077cb8                SetupOption()
                0x50077cda                SelectProperDefault(unsigned long)
                0x50077d6e                OkToDefault()
                0x50077dce                CancelDefaults(unsigned long)
                0x50077de0                RestoreDefaultConfirmScrn(unsigned long)
 *fill*         0x50077df2        0x2 00
 .text          0x50077df4      0x7f6 obj-SUNRISE/App/menu1_cpp.o
                0x50077df4                SetOneLineDataBit(unsigned short, unsigned char)
                0x50078492                ClearRunScreenFlag()
                0x500784a2                GetCurrentWeldData(unsigned long)
                0x500784ce                UpdateParam()
                0x50078508                SoundBeeper(unsigned long)
                0x5007851a                ClearWeldData()
 *fill*         0x500785ea        0x2 00
 .text          0x500785ec      0xbea obj-SUNRISE/App/menu2_cpp.o
                0x500785ec                SetAmplitudeMode()
                0x50078658                SetAmplitudeModes()
                0x500786d0                PrepareAmplitudeRadioMenu()
                0x5007871c                PreparePressureRadioMenu()
                0x50078768                SetPressureMode()
                0x500787ac                SetPressureModes()
                0x50078824                SetSetupFlag(unsigned long)
                0x50078834                ClearSetupFlag()
                0x50078844                SelectAmpTriggerTime()
                0x500788a6                SelectAmpTriggerEnergy()
                0x50078908                SelectAmpTriggerPower()
                0x5007896c                SelectAmpTriggerDist()
                0x500789d0                SelectAmpTriggerForce()
                0x50078a34                SelectAmpTriggerExt()
                0x50078a96                ChangeFreqOffsetSign()
                0x50078abe                ChangeDUPSSubParamList()
                0x50078aca                SelectPressureTriggerTime()
                0x50078b12                SelectPressureTriggerEnergy()
                0x50078b5a                SelectPressureTriggerPower()
                0x50078ba4                SelectPressureTriggerDist()
                0x50078bee                SelectPressureTriggerExt()
                0x50078c3e                PreparePretriggerRadioMenu()
                0x50078cb8                SetPretriggerModes()
                0x50078d88                SetPretriggerMode()
                0x50078e56                GetPresetValidated()
                0x50078e7c                SetPresetValidated()
                0x500790e0                GetPresetLocked()
                0x50079106                SetPresetLocked()
                0x500791a4                UpdateWS_Config()
 *fill*         0x500791d6        0x2 00
 .text          0x500791d8      0x7f0 obj-SUNRISE/App/menu2a_cpp.o
                0x500791d8                StoreOldWeldMode()
                0x5007927c                GetWeldMode()
                0x50079320                SetWeldMode()
                0x500793aa                GetOpAuthority()
                0x5007943c                SetOpAuthority()
                0x500794ec                SetUserLevel()
                0x50079540                GetUserLevel()
                0x50079598                GetWeldHistSetup()
                0x500795ac                SetWeldHistSetup()
                0x500795c0                ReadOut()
                0x50079720                DiagnoseOut()
                0x50079906                DiagnoseIn()
 .text          0x500799c8     0x1056 obj-SUNRISE/App/menu5_cpp.o
                0x500799c8                SetDiagFlag()
                0x50079a3e                DisableCalActKey1()
                0x50079a52                EnableWelding()
                0x50079a92                DigitalPotEntry()
                0x50079c64                DigTunePressTest()
                0x50079e0e                DigitalPotChoiceDone()
                0x50079ea2                DigitalFreqEntry()
                0x50079ed8                DigTuneStore()
                0x50079ffa                VarDigTuneStore()
                0x5007a01e                DebugReadMemory()
                0x5007a568                ChangeBaseAndWordLength()
                0x5007a98c                IoTestData(unsigned char)
                0x5007a99e                UpdateFrequencyResonance()
 *fill*         0x5007aa1e        0x2 00
 .text          0x5007aa20      0x5fe obj-SUNRISE/App/menu6_cpp.o
                0x5007aa20                GetPowerSupplyInfo()
                0x5007ada4                LoadActuatorType()
                0x5007ae3a                GetControlLevel()
                0x5007aef0                GetSerialNumbers()
                0x5007af6a                GetCalStatus()
                0x5007af9a                GetCalData()
 *fill*         0x5007b01e        0x2 00
 .text          0x5007b020      0xdd0 obj-SUNRISE/App/menu7_cpp.o
                0x5007b020                GetInput()
                0x5007b210                UpdateAllUserOutputs()
                0x5007b280                SetOutPinAccordtoBoard()
                0x5007b2ba                GetOutput()
                0x5007b430                SetOutputSelection()
                0x5007b5e4                GetPSFreq()
                0x5007b648                SetPSFrequency()
                0x5007b6da                GetRS232Index()
                0x5007b72a                SetRS232Index()
                0x5007b774                SetAmpControlValue()
                0x5007b812                SetAmpControl()
                0x5007b896                SetFreqControlValue()
                0x5007b8da                SetFreqControl()
                0x5007b90c                ProduceBeep()
                0x5007b95a                DealWithExtPresetChange()
                0x5007b98c                UpdateRunTopLine()
                0x5007b9a6                VGAResetWeldCounterOk()
                0x5007b9f2                SetBeeperCondition()
                0x5007ba0e                GetInputPtr(unsigned short)
                0x5007bb28                SetInputSelection()
                0x5007bdb8                CheckForCustomAct()
 .text          0x5007bdf0      0x90c obj-SUNRISE/App/menu7a_cpp.o
                0x5007bdf0                SetDumbTerminal()
                0x5007bdf8                GetBaudIndex()
                0x5007be3a                GetCylinderIndex()
                0x5007bf58                UpdateCylDefaults()
                0x5007bfc6                SetCylinderIndex()
                0x5007c022                SetCylinderDiameter()
                0x5007c1e0                GetStrokeLenIndex()
                0x5007c2fe                SetStrokeLen()
                0x5007c4a6                SetStrokeLenIndex()
                0x5007c4ee                GetWeldScaleIndex()
                0x5007c532                SetWeldScaleIndex()
                0x5007c576                GetTestScaleIndex()
                0x5007c5ba                SetTestScaleIndex()
                0x5007c5fe                CheckForPrintingOrWelding()
                0x5007c654                ExitMenuAndEnableWeld()
                0x5007c69a                SaveUserIOState()
                0x5007c6ca                RestoreUserIOState()
 .text          0x5007c6fc      0x260 obj-SUNRISE/App/menucalb_cpp.o
                0x5007c6fc                InitPressureCalMenus()
                0x5007c792                InitForceCalMenus()
                0x5007c822                WaitForMenu()
                0x5007c86a                UpdateCalibrationState()
                0x5007c886                ResetSensorCalb()
 .text          0x5007c95c     0x29b6 obj-SUNRISE/App/menuhorn_cpp.o
                0x5007c95c                StdOpenMenu(MenuInfo*)
                0x5007c964                StdProcessMessage(MenuInfo*, unsigned long, MResults*)
                0x5007ca0e                HDAESelectKeyHandler(MenuInfo*, unsigned long, MResults*)
                0x5007ca28                HDAEDSelectKeyHandler(MenuInfo*, unsigned long, MResults*)
                0x5007ca42                HDCloseMenu(unsigned long)
                0x5007caa6                HDResultAEDAEFOpenMenu(MenuInfo*)
                0x5007cb1e                HDWaitTrigAEDAEFOpenMenu(MenuInfo*)
                0x5007cb92                HDWaitPartAEDAEFOpenMenu(MenuInfo*)
                0x5007cbd0                HDWaitPBsAEDAEFOpenMenu(MenuInfo*)
                0x5007cbec                HDWaitReadyAEDOpenMenu(MenuInfo*)
                0x5007cce4                HDWaitReadyAEOpenMenu(MenuInfo*)
                0x5007cd70                NoSelectKeyHandler(MenuInfo*, unsigned long, MResults*)
                0x5007cd84                StdChrReceivedHandler(MenuInfo*, unsigned long, MResults*)
                0x5007ce22                HDResultAEDChrReceivedHandler(MenuInfo*, unsigned long, MResults*)
                0x5007ce5e                HDResultAEChrReceivedHandler(MenuInfo*, unsigned long, MResults*)
                0x5007ce9a                HDWaitPartAEDAEFManOpenMenu(MenuInfo*)
                0x5007ceba                HDWaitTrigAEDAEFCloseMenu(unsigned long)
                0x5007ceea                HDResultCloseMenu(unsigned long)
                0x5007cf0e                HDWaitULSAEDAEFCloseMenu(unsigned long)
                0x5007cf8a                HDWaitPartAEDCloseMenu(unsigned long)
                0x5007cfca                HDWaitULSAEDAEFOpenMenu(MenuInfo*)
                0x5007d022                HDWaitULSAEOpenMenu(MenuInfo*)
                0x5007d056                HDWaitULSAECloseMenu(unsigned long)
                0x5007d08c                HDWaitPBsAECloseMenu(unsigned long)
                0x5007d0bc                HDWaitTrigAECloseMenu(unsigned long)
                0x5007d0d6                HDWaitPBsAEOpenMenu(MenuInfo*)
                0x5007d0e2                StdControlMessageHandler(MenuInfo*, unsigned long, MResults*)
                0x5007d216                CheckForRapidTraverse()
                0x5007d268                HornDownISR()
                0x5007dbe8                StdSpecialMessageHandler(MenuInfo*, unsigned long, MResults*)
                0x5007dbf2                HDWaitPartAEFCloseMenu(unsigned long)
                0x5007dc32                HDWaitReady(unsigned long, MResults*)
                0x5007de2e                HDWaitReadyAEDSpecialMessageHandler(MenuInfo*, unsigned long, MResults*)
                0x5007de70                HDWaitReadyAESpecialMessageHandler(MenuInfo*, unsigned long, MResults*)
                0x5007deb2                ResetHDAlarms()
                0x5007df10                HDWaitPBs(unsigned long, MResults*)
                0x5007e0ba                HDWaitPBsAEDSpecialMessageHandler(MenuInfo*, unsigned long, MResults*)
                0x5007e148                HDWaitPBsAESpecialMessageHandler(MenuInfo*, unsigned long, MResults*)
                0x5007e1c8                HDWaitULS(unsigned long, MResults*)
                0x5007e32a                HDWaitULSAEDSpecialMessageHandler(MenuInfo*, unsigned long, MResults*)
                0x5007e386                HDWaitULSAESpecialMessageHandler(MenuInfo*, unsigned long, MResults*)
                0x5007e3e2                HDWaitPart(MenuInfo*, unsigned long, MResults*, unsigned long)
                0x5007e57e                HDWaitPartAEDManSpecialMessageHandler(MenuInfo*, unsigned long, MResults*)
                0x5007e604                HDWaitPartAEDSpecialMessageHandler(MenuInfo*, unsigned long, MResults*)
                0x5007e688                HDWaitTrigger(MenuInfo*, unsigned long, MResults*, unsigned long)
                0x5007e800                HDWaitTrigAEDManSpecialMessageHandler(MenuInfo*, unsigned long, MResults*)
                0x5007e866                HDWaitTrigAEDSpecialMessageHandler(MenuInfo*, unsigned long, MResults*)
                0x5007e8ca                HDWaitTrigAESpecialMessageHandler(MenuInfo*, unsigned long, MResults*)
                0x5007e92e                HDWaitTrigAEManSpecialMessageHandler(MenuInfo*, unsigned long, MResults*)
                0x5007e994                HDShowResult(MenuInfo*, unsigned long, MResults*, unsigned long)
                0x5007eb52                HDResultAEDManSpecialMessageHandler(MenuInfo*, unsigned long, MResults*)
                0x5007eba4                HDResultAEDSpecialMessageHandler(MenuInfo*, unsigned long, MResults*)
                0x5007ebee                HDResultAESpecialMessageHandler(MenuInfo*, unsigned long, MResults*)
                0x5007ec38                HDResultAEManSpecialMessageHandler(MenuInfo*, unsigned long, MResults*)
                0x5007ec8a                HDSplitMessage(unsigned long*, unsigned short*, unsigned short*)
                0x5007ecc0                DoHornDownFunc()
                0x5007ef52                RestartHornDown()
                0x5007f102                VGAProcessHornDownMsg()
                0x5007f1ee                ProcessRvtsMenuTaskMsg(unsigned long)
                0x5007f23a                ProcessHDButtonPress3()
                0x5007f25e                ProcessHDButtonPress2()
                0x5007f2b8                ProcessHDButtonPress1()
 *fill*         0x5007f312        0x2 00
 .text          0x5007f314      0x206 obj-SUNRISE/App/menupass_cpp.o
                0x5007f314                VGAPasswordEntry()
                0x5007f350                PasswordSave(unsigned char**)
 *fill*         0x5007f51a        0x2 00
 .text          0x5007f51c      0x546 obj-SUNRISE/App/menutest_cpp.o
                0x5007f61a                UpdateTestAmp()
                0x5007f630                InitTestBuffers()
                0x5007f67e                DoTestMode(unsigned char*, unsigned long*)
                0x5007f688                VGAExitTestSequence()
                0x5007f800                UpdateDiagScreen()
 *fill*         0x5007fa62        0x2 00
 .text          0x5007fa64       0x40 obj-SUNRISE/App/outports_cpp.o
                0x5007fa64                InitializeOutputPorts()
 .text          0x5007faa4       0xa4 obj-SUNRISE/App/powrdwn_cpp.o
                0x5007faa4                PrePowerDown()
 .text          0x5007fb48       0xf2 obj-SUNRISE/App/pr_label_cpp.o
                0x5007fb48                GetMaxMinLabel(unsigned short, long*, unsigned short, unsigned long*, unsigned long*)
 *fill*         0x5007fc3a        0x2 00
 .text          0x5007fc3c      0x48c obj-SUNRISE/App/pr_print_cpp.o
                0x5007fc3c                VGAPrepTickMarks()
                0x5008006a                GetLastWeldData(WELD_DATA*)
 .text          0x500800c8     0x3d08 obj-SUNRISE/App/preset_cpp.o
                0x500800c8                WritePreset(unsigned short, unsigned long)
                0x50080254                ReadPreset(unsigned short, unsigned short)
                0x5008042e                CalculatePresetAddress(unsigned short)
                0x500804a6                Readpreset(unsigned short, Ver1200Setups*)
                0x50080714                SavePreset(unsigned short, Ver1200Setups*)
                0x50080784                SetupPretriggerFlags()
                0x5008083c                SetupTriggerFlags()
                0x50080872                SetUserIOToFactoryDefault()
                0x50080956                SetActuatorSwitchesToFactoryDefault()
                0x5008096c                SetUSBToFactoryDefault()
                0x50080a0e                SetDefaultValues()
                0x50081520                SetMaxMinValues()
                0x50082c50                CreateColdStart()
                0x50082f66                SetupAmpModeStepFlag()
                0x50082fae                SetupAmplitudeStepFlag()
                0x50082fe4                SetupPressureFixedOrStepFlag()
                0x5008302c                SetupPressureStepFlag()
                0x50083062                DoColdStart()
                0x5008331e                GetPresetNum()
                0x50083336                GetSequenceNos()
                0x50083368                PreparePrstInfoString()
                0x500835ac                SetPresetClearFlags()
                0x50083666                RearrangeSeqList(unsigned short)
                0x500836f6                ProcessPresetClear()
                0x50083766                ProcessPresetRecall()
                0x500838d6                ProcessPresetVerify(unsigned char**)
                0x5008395c                PreparePrstSaveTitle()
                0x500839f8                SaveNamedPreset()
                0x50083ba6                PresetSaveOk()
                0x50083be8                PresetSaveCancel()
                0x50083c26                SaveSpecialPreset(unsigned long)
                0x50083ce6                EraseSeqList()
                0x50083cfc                EraseSeqList1()
                0x50083d28                CopyInfoFromPreset(Ver1200Setups*, unsigned short)
                0x50083d7c                CopyInfoToPreset(Ver1200Setups*, unsigned short)
 .text          0x50083dd0    0x12f86 obj-SUNRISE/App/prsetprn_cpp.o
                0x50083dd0                PrintPresetName()
                0x50083f6c                PrintSetupSystemPressure()
                0x50083fa6                ViewPresetSetup0003A()
                0x50084002                PrintForceRamps()
                0x5008402a                GetDateTime()
                0x500840f4                PrintSetup0003A()
                0x50084150                CheckIfPrintable(unsigned short)
                0x500842de                ControlLevelLimit(unsigned short)
                0x500844b6                LastDatePresetWasSaved()
                0x500844fc                PrintSetup0002()
                0x50084676                PrintSetup0004()
                0x50084702                ConvertNumberToString(long)
                0x50084838                PrintSetup0003()
                0x50084b2a                PrintSetup0022()
                0x50084b58                PrintSetup0015()
                0x50084be8                PrintSetup0023()
                0x50084c3e                PrintSetup0016()
                0x50084c8c                PrintSetup0024()
                0x50084ce2                PrintSetup0017()
                0x50084d30                PrintSetup0025()
                0x50084d72                PrintSetup0025A()
                0x50084da0                PrintSetup0018A()
                0x50084fda                PrintSetup0026()
                0x5008500a                PrintSetup0019()
                0x50085038                PrintSetup0027()
                0x500850cc                PrintSetup0019B()
                0x5008514c                PrintSetup0070()
                0x5008524e                PrintSetup0070A()
                0x5008527c                PrintConfig0081()
                0x5008536e                PrintSetup0019A()
                0x50085450                PrintSetup0067()
                0x50085484                PrintSetup0021()
                0x500854c6                PrintSetup0012()
                0x500854f4                PrintSetup0013()
                0x50085552                PrintConfig0033()
                0x50085582                PrintConfig0033A()
                0x500855fe                PrintSetup0071()
                0x5008568e                PrintSetup0033()
                0x500856c8                PrintConfig0071()
                0x500856f6                PrintConfig0073()
                0x50085780                PrintConfig0072()
                0x5008580a                PrintSetup0028()
                0x500858a2                PrintSetup0034B()
                0x5008595e                PrintSetup0029()
                0x500859a0                PrintSetup0034A()
                0x50085a5c                PrintSetup0031()
                0x50085b24                PrintSetup0032()
                0x50085bb8                PrintSetup0030()
                0x50085c80                PrintAEFSetting()
                0x50085cba                PrintSetup0005()
                0x50085d18                PrintSetup0014()
                0x50085d40                PrintSetup0006()
                0x50085dcc                PrintSetup0007()
                0x50085e5a                PrintSetup0008()
                0x50085ec8                PrintSetup0009()
                0x50085f36                PrintSetup0018B()
                0x50086172                PrintAEDTrigForce()
                0x500861d0                PrintSystemGaugePressure()
                0x5008620a                PrintSetup0051()
                0x5008623a                PrintSetup0035()
                0x5008626a                PrintSetup0052()
                0x5008629a                PrintSetup0036()
                0x500862ca                PrintSetup0059()
                0x50086356                PrintSetup0043()
                0x500863e6                PrintSetup0060()
                0x50086472                PrintSetup0044()
                0x50086502                PrintSetup0055()
                0x500865de                PrintSetup0039()
                0x500866c0                PrintSetup0056()
                0x5008679e                PrintSetup0040()
                0x50086882                PrintSetup0061()
                0x5008690e                PrintSetup0045()
                0x5008699e                PrintSetup0062()
                0x50086a28                PrintSetup0046()
                0x50086ab6                PrintSetup0057()
                0x50086b42                PrintSetup0041()
                0x50086bd2                PrintSetup0058()
                0x50086c5c                PrintSetup0042()
                0x50086cea                PrintSetup0053()
                0x50086d76                PrintSetup0037()
                0x50086e06                PrintSetup0054()
                0x50086e92                PrintSetup0038()
                0x50086f22                PrintSetup0065()
                0x50086fb0                PrintSetup0049()
                0x50087040                PrintSetup0066()
                0x500870d0                PrintSetup0050()
                0x50087160                PrintSetup0063()
                0x500871f0                PrintSetup0047()
                0x50087280                PrintSetup0064()
                0x50087310                PrintSetup0081()
                0x50087372                PrintSetup0082()
                0x500873d4                PrintSetup0083()
                0x5008743a                PrintSetup0084()
                0x500874a0                PrintSetup0085()
                0x5008752e                PrintSetup0086()
                0x500875be                PrintSetup0048()
                0x5008764e                PrintHeader1(unsigned char)
                0x500876a6                PrintHeader2()
                0x500876e4                PrintSubHeader2()
                0x50087882                PrintHeader3()
                0x500878bc                PrintSubHeader3()
                0x500878f6                AssignYCoordinate()
                0x50087924                GetSelectInStr(unsigned short)
                0x50087a00                GetSelectOutStr(unsigned short)
                0x50087aac                GetCylinderStr()
                0x50087bca                GetStrokeLenStr()
                0x50087ce8                PrintConfig0018()
                0x50087d14                PrintConfig0019()
                0x50087d44                PrintConfig0020()
                0x50087d74                PrintStartScreen()
                0x50087da4                PrintConfig0027()
                0x50087dd4                PrintConfig0028()
                0x50087e38                PrintConfig0029()
                0x50087e68                PrintConfig0030()
                0x50087e98                PrintConfig0178()
                0x50087ec8                PrintConfig0032()
                0x50087ef8                PrintConfig0040()
                0x50087f28                PrintConfig0041()
                0x50087f8e                PrintConfig0042()
                0x50087ff4                PrintConfig0043()
                0x50088024                PrintConfig0045()
                0x50088054                PrintConfig0099()
                0x50088082                PrintConfig0098()
                0x500880b0                PrintConfig0085()
                0x500880e8                PrintConfig0086()
                0x50088120                PrintConfig0087()
                0x50088158                PrintConfig0088()
                0x50088190                PrintConfig0089()
                0x500881c8                PrintConfig0090()
                0x50088200                PrintConfig0091()
                0x50088238                PrintConfig0092()
                0x50088270                PrintConfig0093()
                0x500882a8                PrintConfig0094()
                0x500882d8                PrintConfig0094A()
                0x50088336                PrintConfig0034()
                0x50088366                PrintConfig0095()
                0x50088396                PrintConfig0096()
                0x50088426                PrintConfig0044()
                0x50088456                PrintConfig0097()
                0x50088486                PrintConfig0100()
                0x500884b4                PrintCalibrationInfo()
                0x50088516                PrintConfig0009()
                0x5008854c                PrintConfig0011()
                0x500886f8                PrintConfig0008()
                0x500887de                PrintConfig0012()
                0x5008881c                PrintConfig0012A()
                0x5008885a                PrintCalibrationDate()
                0x5008896a                PrintConfig0010()
                0x50088a5c                PrintConfig0016()
                0x50088a84                PrintConfig0017()
                0x50088aac                PrintConfig0004()
                0x50088ae2                PrintConfig0022()
                0x50088b18                PrintConfig0077()
                0x50088b4e                PrintConfig0005()
                0x50088b84                PrintConfig0006()
                0x50088bba                PrintConfig0014()
                0x50088bf8                PrintConfig0015()
                0x50088c36                PrintConfig0055()
                0x50088c98                PrintConfig0057()
                0x50088cfa                PrintConfig0059()
                0x50088d5c                PrintConfig0061()
                0x50088dbe                PrintConfig0062B()
                0x50088e20                PrintConfig0065()
                0x50088e82                PrintConfig0067()
                0x50088f0a                PrintConfig0053()
                0x50088f26                PrintConfig0051()
                0x50088f42                PrintConfig0078()
                0x50088f72                PrintConfig0054()
                0x50088fa2                PrintConfig0056()
                0x50088fd2                PrintConfig0058()
                0x50089002                PrintConfig0060()
                0x50089032                PrintConfig0062A()
                0x50089062                PrintConfig0064()
                0x50089092                PrintConfig0066()
                0x500890e8                PrintConfig0052()
                0x5008910c                PrintSetup0079()
                0x5008913c                PrintSetup0080()
                0x500891d2                ViewPresetSetup0312()
                0x5008922e                ViewPresetSetup0329()
                0x5008925e                ViewPresetSetup0315()
                0x500892be                ViewPresetSetup0316()
                0x5008931e                ViewPresetSetup0318()
                0x5008937e                ViewPresetSetup0300()
                0x500893aa                ViewPresetSetup0301()
                0x500893da                ViewPresetSetup0302()
                0x5008940a                ViewPresetSetup0303()
                0x5008943a                ViewPresetSetup0304()
                0x5008949a                ViewPresetSetup0305()
                0x500894c6                ViewPresetSetup0306()
                0x500894f6                ViewPresetSetup0307()
                0x50089556                PrintSetup0330()
                0x500895e8                ViewPresetSetup0308()
                0x50089648                PrintSetup0331()
                0x500896dc                ViewPresetSetup0309()
                0x5008971a                ViewPresetSetup0310()
                0x50089758                ViewPresetSetup0311()